
> my-project@0.0.0 build
> vite build

[36mrolldown-vite v7.2.5 [32mbuilding client environment for production...[36m[39m
[2K
transforming...Γ£ô 3 modules transformed.
Γ£ù Build failed in 82ms
error during build:
Build failed with 1 error:

[UNRESOLVED_IMPORT] Error: Could not resolve './style.css' in src/main.js
   Γò¡ΓöÇ[ src/main.js:3:8 ]
   Γöé
 3 Γöé import './style.css'
   Γöé        ΓöÇΓöÇΓöÇΓöÇΓöÇΓöÇΓö¼ΓöÇΓöÇΓöÇΓöÇΓöÇΓöÇ  
   Γöé              Γò░ΓöÇΓöÇΓöÇΓöÇΓöÇΓöÇΓöÇΓöÇ Module not found.
ΓöÇΓöÇΓöÇΓò»

    at aggregateBindingErrorsIntoJsError (file:///E:/Projects/Task-Buddy/node_modules/rolldown/dist/shared/src-CYkh2Ybc.mjs:2659:18)
    at unwrapBindingResult (file:///E:/Projects/Task-Buddy/node_modules/rolldown/dist/shared/src-CYkh2Ybc.mjs:2634:128)
    at #build (file:///E:/Projects/Task-Buddy/node_modules/rolldown/dist/shared/src-CYkh2Ybc.mjs:4433:34)
    at async buildEnvironment (file:///E:/Projects/Task-Buddy/node_modules/vite/dist/node/chunks/node.js:33468:64)
    at async Object.build (file:///E:/Projects/Task-Buddy/node_modules/vite/dist/node/chunks/node.js:33871:19)
    at async Object.buildApp (file:///E:/Projects/Task-Buddy/node_modules/vite/dist/node/chunks/node.js:33868:153)
    at async CAC.<anonymous> (file:///E:/Projects/Task-Buddy/node_modules/vite/dist/node/cli.js:629:3)
